{
  "files": {
    "140924_11.mzML.gz": {
      "ROIs": {
        "TMT6_y1K": {
          "initial_window": 1.0,
          "mz": 376.2757,
          "peak": {
            "assessment": {
              "comment": "Too few peaks found in ROI",
              "fraction": 0.0,
              "is_found": false
            },
            "extended": {
              "extent": 16,
              "intensity": 25628.4091796875,
              "n_spectra": 1492
            },
            "mode_bin": {
              "ibin": 5526,
              "intensity": 1751.2828369140625,
              "mz": 376.29999999998427,
              "n_spectra": 90
            }
          },
          "type": "TMT"
        },
        "TMT6plex": {
          "initial_window": 1.0,
          "mz": 230.1702,
          "peak": {
            "assessment": {
              "comment": "Too few peaks found in ROI",
              "fraction": 0.0,
              "is_found": false
            },
            "extended": {
              "extent": 16,
              "intensity": 12749.479732513428,
              "n_spectra": 908
            },
            "mode_bin": {
              "ibin": 2601,
              "intensity": 2843.396240234375,
              "mz": 230.04999999999262,
              "n_spectra": 68
            }
          },
          "type": "TMT"
        },
        "TMTpro": {
          "initial_window": 1.0,
          "mz": 305.2144,
          "peak": {
            "assessment": {
              "comment": "Too few peaks found in ROI",
              "fraction": 0.0,
              "is_found": false
            },
            "extended": {
              "extent": 16,
              "intensity": 34825.08399963379,
              "n_spectra": 1404
            },
            "mode_bin": {
              "ibin": 4106,
              "intensity": 5714.052734375,
              "mz": 305.29999999998836,
              "n_spectra": 98
            }
          },
          "type": "TMTpro"
        },
        "TMTpro+H2O": {
          "initial_window": 1.0,
          "mz": 323.22499,
          "peak": {
            "assessment": {
              "comment": "Too few peaks found in ROI",
              "fraction": 0.0,
              "is_found": false
            },
            "extended": {
              "extent": 16,
              "intensity": 40904.07921600342,
              "n_spectra": 1492
            },
            "mode_bin": {
              "ibin": 4467,
              "intensity": 7165.875,
              "mz": 323.3499999999873,
              "n_spectra": 92
            }
          },
          "type": "TMTpro"
        },
        "a{DI}": {
          "initial_window": 1.0,
          "mz": 201.12337,
          "peak": {
            "assessment": {
              "comment": "Too few peaks found in ROI",
              "fraction": 0.0,
              "is_found": false
            },
            "extended": {
              "extent": 10,
              "intensity": 44955.884410858154,
              "n_spectra": 692
            },
            "mode_bin": {
              "ibin": 2020,
              "intensity": 16670.537109375,
              "mz": 200.99999999999426,
              "n_spectra": 60
            }
          },
          "type": "fragment_ion"
        },
        "a{EI}": {
          "initial_window": 1.0,
          "mz": 215.13902,
          "peak": {
            "assessment": {
              "comment": "Too few peaks found in ROI",
              "fraction": 0.0,
              "is_found": false
            },
            "extended": {
              "extent": 16,
              "intensity": 38954.07265663147,
              "n_spectra": 1012
            },
            "mode_bin": {
              "ibin": 2299,
              "intensity": 15314.4111328125,
              "mz": 214.94999999999345,
              "n_spectra": 48
            }
          },
          "type": "fragment_ion"
        },
        "iTRAQ4_y1K": {
          "initial_window": 1.0,
          "mz": 376.2757,
          "peak": {
            "assessment": {
              "comment": "Too few peaks found in ROI",
              "fraction": 0.0,
              "is_found": false
            },
            "extended": {
              "extent": 16,
              "intensity": 25628.4091796875,
              "n_spectra": 1492
            },
            "mode_bin": {
              "ibin": 5526,
              "intensity": 1751.2828369140625,
              "mz": 376.29999999998427,
              "n_spectra": 90
            }
          },
          "type": "iTRAQ4"
        },
        "iTRAQ8_y1K": {
          "initial_window": 1.0,
          "mz": 451.3118,
          "peak": {
            "assessment": {
              "# of sigma_ppm(s) away from theoretical peak (ppm)": 9.66483839299031,
              "comment": "Peak found and fit",
              "fraction": 0.3484903601309567,
              "is_found": true
            },
            "extended": {
              "extent": 16,
              "intensity": 55032.42706298828,
              "n_spectra": 1916,
              "three_sigma_ppm_lower": 1566.0908071441247,
              "three_sigma_ppm_upper": 2975.959177358096
            },
            "fit": {
              "delta_mz": 1.0249403770978347,
              "delta_ppm": 2271.0249922511102,
              "intensity": 25533.810688569796,
              "mz": 452.33674037709784,
              "sigma_mz": 0.10604837198738894,
              "sigma_ppm": 234.9780617023285
            },
            "mode_bin": {
              "ibin": 7024,
              "intensity": 3445.12744140625,
              "mz": 451.19999999998004,
              "n_spectra": 86
            }
          },
          "type": "iTRAQ8"
        }
      },
      "instrument_model": {
        "accession": "MS:1000555",
        "category": "variable",
        "name": "LTQ Orbitrap Discovery",
        "rank": "1"
      },
      "spectra_stats": {
        "acquisition_type": "DDA",
        "fragmentation_tag": "LR IT CID",
        "fragmentation_type": "LR_IT_CID",
        "high_accuracy_precursors": "true",
        "isolation_window_full_widths": {
          "2.0": 5498
        },
        "n_HR_ETciD_spectra": 0,
        "n_HR_EThcD_spectra": 0,
        "n_HR_HCD_spectra": 0,
        "n_HR_IT_CID_spectra": 0,
        "n_HR_IT_ETD_spectra": 0,
        "n_HR_QTOF_spectra": 0,
        "n_LR_ETciD_spectra": 0,
        "n_LR_EThcD_spectra": 0,
        "n_LR_HCD_spectra": 0,
        "n_LR_IT_CID_spectra": 5498,
        "n_LR_IT_ETD_spectra": 0,
        "n_charge_10_precursors": 55,
        "n_charge_11_precursors": 6,
        "n_charge_12_precursors": 9,
        "n_charge_13_precursors": 2,
        "n_charge_14_precursors": 5,
        "n_charge_15_precursors": 3,
        "n_charge_1_precursors": 1,
        "n_charge_2_precursors": 2074,
        "n_charge_3_precursors": 2363,
        "n_charge_4_precursors": 736,
        "n_charge_5_precursors": 163,
        "n_charge_6_precursors": 44,
        "n_charge_7_precursors": 13,
        "n_charge_8_precursors": 16,
        "n_charge_9_precursors": 5,
        "n_charge_unknown_precursors": 3,
        "n_length_lt10_spectra": 879,
        "n_length_zero_spectra": 347,
        "n_ms0_spectra": 0,
        "n_ms1_spectra": 11586,
        "n_ms2_spectra": 5498,
        "n_ms3_spectra": 0,
        "n_spectra": 17084,
        "n_spectra_examined": 5498,
        "n_unknown_fragmentation_type_spectra": 0
      },
      "summary": {
        "fragmentation_type": "LR_IT_CID",
        "labeling": {
          "call": "none",
          "scores": {
            "TMT": 0,
            "TMT10": 0,
            "TMT6": 0,
            "TMTpro": 0,
            "iTRAQ": 0,
            "iTRAQ4": 0,
            "iTRAQ8": 0.3484903601309567
          }
        },
        "tolerance": {
          "fragment_tolerance_ppm_lower": 1566.0908071441247,
          "fragment_tolerance_ppm_upper": 2975.959177358096
        }
      }
    }
  },
  "knowledge": {
    "instrument_model": "LTQ Orbitrap Discovery",
    "instrument_models": {
      "LTQ Orbitrap Discovery": 1
    }
  },
  "problems": {
    "errors": {
      "codes": {},
      "count": 0,
      "list": []
    },
    "warnings": {
      "codes": {},
      "count": 0,
      "list": []
    }
  },
  "search_criteria": {
    "acquisition_type": "DDA",
    "fragmentation_type": "LR_IT_CID",
    "fragmentation_types": {
      "LR_IT_CID": 1
    },
    "high_accuracy_precursors": "true",
    "labeling": "none",
    "tolerance": {
      "fragment_tolerance_ppm_lower": 1566.0908071441247,
      "fragment_tolerance_ppm_upper": 2975.959177358096
    }
  },
  "spectra_stats": {
    "n_HR_ETciD_spectra": 0,
    "n_HR_EThcD_spectra": 0,
    "n_HR_HCD_spectra": 0,
    "n_HR_IT_CID_spectra": 0,
    "n_HR_IT_ETD_spectra": 0,
    "n_HR_QTOF_spectra": 0,
    "n_LR_ETciD_spectra": 0,
    "n_LR_EThcD_spectra": 0,
    "n_LR_HCD_spectra": 0,
    "n_LR_IT_CID_spectra": 5498,
    "n_LR_IT_ETD_spectra": 0,
    "n_charge_10_precursors": 55,
    "n_charge_11_precursors": 6,
    "n_charge_12_precursors": 9,
    "n_charge_13_precursors": 2,
    "n_charge_14_precursors": 5,
    "n_charge_15_precursors": 3,
    "n_charge_1_precursors": 1,
    "n_charge_2_precursors": 2074,
    "n_charge_3_precursors": 2363,
    "n_charge_4_precursors": 736,
    "n_charge_5_precursors": 163,
    "n_charge_6_precursors": 44,
    "n_charge_7_precursors": 13,
    "n_charge_8_precursors": 16,
    "n_charge_9_precursors": 5,
    "n_charge_unknown_precursors": 3,
    "n_length_lt10_spectra": 879,
    "n_length_zero_spectra": 347,
    "n_ms0_spectra": 0,
    "n_ms1_spectra": 11586,
    "n_ms2_spectra": 5498,
    "n_ms3_spectra": 0,
    "n_spectra": 17084,
    "n_spectra_examined": 5498,
    "n_unknown_fragmentation_type_spectra": 0
  },
  "state": {
    "code": "OK",
    "message": "No problems detected",
    "status": "OK",
    "version": "v0.1"
  }
}