{
  "files": {
    "chlo_6_tiny.mzML.gz": {
      "ROIs": {
        "TMT6_126": {
          "initial_window": 0.01,
          "mz": 126.127725,
          "peak": {
            "assessment": {
              "comment": "Too few peaks found in ROI",
              "fraction": 0.0,
              "is_found": false
            },
            "extended": {
              "extent": 1,
              "intensity": 11599.30859375,
              "n_spectra": 2
            },
            "mode_bin": {
              "ibin": 130637,
              "intensity": 11599.30859375,
              "mz": 126.12740000086734,
              "n_spectra": 2
            }
          },
          "type": "TMT"
        },
        "TMT6_127": {
          "initial_window": 0.01,
          "mz": 127.12476,
          "peak": {
            "assessment": {
              "comment": "Too few peaks found in ROI",
              "fraction": 0.0,
              "is_found": false
            },
            "extended": {
              "extent": 1,
              "intensity": 7954.0849609375,
              "n_spectra": 1
            },
            "mode_bin": {
              "ibin": 135623,
              "intensity": 7954.0849609375,
              "mz": 127.12460000090044,
              "n_spectra": 1
            }
          },
          "type": "TMT"
        },
        "TMT6_128": {
          "initial_window": 0.01,
          "mz": 128.134433,
          "peak": {
            "assessment": {
              "comment": "Too few peaks found in ROI",
              "fraction": 0.0,
              "is_found": false
            },
            "extended": {
              "extent": 1,
              "intensity": 6354.29541015625,
              "n_spectra": 1
            },
            "mode_bin": {
              "ibin": 140672,
              "intensity": 6354.29541015625,
              "mz": 128.13440000093397,
              "n_spectra": 1
            }
          },
          "type": "TMT"
        },
        "TMT6_129": {
          "initial_window": 0.01,
          "mz": 129.131468,
          "peak": {
            "assessment": {
              "comment": "Too few peaks found in ROI",
              "fraction": 0.0,
              "is_found": false
            },
            "extended": {
              "extent": 1,
              "intensity": 5468.62060546875,
              "n_spectra": 1
            },
            "mode_bin": {
              "ibin": 145656,
              "intensity": 5468.62060546875,
              "mz": 129.13120000096706,
              "n_spectra": 1
            }
          },
          "type": "TMT"
        },
        "TMT6_130": {
          "initial_window": 0.01,
          "mz": 130.141141,
          "peak": {
            "assessment": {
              "comment": "Too few peaks found in ROI",
              "fraction": 0.0,
              "is_found": false
            },
            "extended": {
              "extent": 2,
              "intensity": 6835.2783203125,
              "n_spectra": 2
            },
            "mode_bin": {
              "ibin": 150706,
              "intensity": 5451.45556640625,
              "mz": 130.14120000100058,
              "n_spectra": 1
            }
          },
          "type": "TMT"
        },
        "TMT6_131": {
          "initial_window": 0.01,
          "mz": 131.138176,
          "peak": {
            "assessment": {
              "comment": "Too few peaks found in ROI",
              "fraction": 0.0,
              "is_found": false
            },
            "extended": {
              "extent": 2,
              "intensity": 8927.236206054688,
              "n_spectra": 2
            },
            "mode_bin": {
              "ibin": 155690,
              "intensity": 7234.376953125,
              "mz": 131.13800000103367,
              "n_spectra": 1
            }
          },
          "type": "TMT"
        },
        "TMT6plex": {
          "initial_window": 0.01,
          "mz": 230.1702,
          "peak": {
            "assessment": {
              "comment": "Too few peaks found in ROI",
              "fraction": 0.0,
              "is_found": false
            },
            "extended": {
              "extent": 1,
              "intensity": 5497.70263671875,
              "n_spectra": 1
            },
            "mode_bin": {
              "ibin": 650852,
              "intensity": 5497.70263671875,
              "mz": 230.1704000043212,
              "n_spectra": 1
            }
          },
          "type": "TMT"
        },
        "TMTpro": {
          "initial_window": 0.01,
          "mz": 305.2144,
          "peak": {
            "assessment": {
              "fraction": 0.0,
              "is_found": false
            },
            "mode_bin": {
              "ibin": 0,
              "intensity": 0,
              "mz": 0,
              "n_spectra": 0
            }
          },
          "type": "TMTpro"
        },
        "TMTpro+H2O": {
          "initial_window": 0.01,
          "mz": 323.22499,
          "peak": {
            "assessment": {
              "fraction": 0.0,
              "is_found": false
            },
            "mode_bin": {
              "ibin": 0,
              "intensity": 0,
              "mz": 0,
              "n_spectra": 0
            }
          },
          "type": "TMTpro"
        },
        "iTRAQ4_nterm": {
          "initial_window": 0.01,
          "mz": 145.109,
          "peak": {
            "assessment": {
              "fraction": 0.0,
              "is_found": false
            },
            "mode_bin": {
              "ibin": 0,
              "intensity": 0,
              "mz": 0,
              "n_spectra": 0
            }
          },
          "type": "iTRAQ4"
        },
        "iTRAQ8_113": {
          "initial_window": 0.01,
          "mz": 113.107325,
          "peak": {
            "assessment": {
              "fraction": 0.0,
              "is_found": false
            },
            "mode_bin": {
              "ibin": 0,
              "intensity": 0,
              "mz": 0,
              "n_spectra": 0
            }
          },
          "type": "iTRAQ8"
        },
        "iTRAQ8_118": {
          "initial_window": 0.01,
          "mz": 118.111459,
          "peak": {
            "assessment": {
              "fraction": 0.0,
              "is_found": false
            },
            "mode_bin": {
              "ibin": 0,
              "intensity": 0,
              "mz": 0,
              "n_spectra": 0
            }
          },
          "type": "iTRAQ8"
        },
        "iTRAQ8_119": {
          "initial_window": 0.01,
          "mz": 119.114814,
          "peak": {
            "assessment": {
              "fraction": 0.0,
              "is_found": false
            },
            "mode_bin": {
              "ibin": 0,
              "intensity": 0,
              "mz": 0,
              "n_spectra": 0
            }
          },
          "type": "iTRAQ8"
        },
        "iTRAQ8_121": {
          "initial_window": 0.01,
          "mz": 121.121524,
          "peak": {
            "assessment": {
              "fraction": 0.0,
              "is_found": false
            },
            "mode_bin": {
              "ibin": 0,
              "intensity": 0,
              "mz": 0,
              "n_spectra": 0
            }
          },
          "type": "iTRAQ8"
        },
        "iTRAQ_114": {
          "initial_window": 0.01,
          "mz": 114.11068,
          "peak": {
            "assessment": {
              "fraction": 0.0,
              "is_found": false
            },
            "mode_bin": {
              "ibin": 0,
              "intensity": 0,
              "mz": 0,
              "n_spectra": 0
            }
          },
          "type": "iTRAQ"
        },
        "iTRAQ_115": {
          "initial_window": 0.01,
          "mz": 115.107715,
          "peak": {
            "assessment": {
              "fraction": 0.0,
              "is_found": false
            },
            "mode_bin": {
              "ibin": 0,
              "intensity": 0,
              "mz": 0,
              "n_spectra": 0
            }
          },
          "type": "iTRAQ"
        },
        "iTRAQ_116": {
          "initial_window": 0.01,
          "mz": 116.111069,
          "peak": {
            "assessment": {
              "fraction": 0.0,
              "is_found": false
            },
            "mode_bin": {
              "ibin": 0,
              "intensity": 0,
              "mz": 0,
              "n_spectra": 0
            }
          },
          "type": "iTRAQ"
        },
        "iTRAQ_117": {
          "initial_window": 0.01,
          "mz": 117.114424,
          "peak": {
            "assessment": {
              "fraction": 0.0,
              "is_found": false
            },
            "mode_bin": {
              "ibin": 0,
              "intensity": 0,
              "mz": 0,
              "n_spectra": 0
            }
          },
          "type": "iTRAQ"
        }
      },
      "instrument_model": {
        "accession": "MS:1001911",
        "category": "pureHCD",
        "name": "Q Exactive",
        "rank": "1"
      },
      "spectra_stats": {
        "acquisition_type": "DDA",
        "fragmentation_tag": "??",
        "fragmentation_type": "HR_HCD",
        "high_accuracy_precursors": "true",
        "isolation_window_full_widths": {
          "2.0": 8
        },
        "n_HR_ETciD_spectra": 0,
        "n_HR_EThcD_spectra": 0,
        "n_HR_HCD_spectra": 8,
        "n_HR_IT_CID_spectra": 0,
        "n_HR_IT_ETD_spectra": 0,
        "n_HR_QTOF_spectra": 0,
        "n_LR_ETciD_spectra": 0,
        "n_LR_EThcD_spectra": 0,
        "n_LR_HCD_spectra": 0,
        "n_LR_IT_CID_spectra": 0,
        "n_LR_IT_ETD_spectra": 0,
        "n_charge_2_precursors": 8,
        "n_length_lt10_spectra": 0,
        "n_length_zero_spectra": 0,
        "n_ms0_spectra": 0,
        "n_ms1_spectra": 92,
        "n_ms2_spectra": 8,
        "n_ms3_spectra": 0,
        "n_spectra": 100,
        "n_spectra_examined": 8,
        "n_unknown_fragmentation_type_spectra": 0
      },
      "summary": {
        "fragmentation_type": "HR_HCD",
        "labeling": {
          "call": "none",
          "scores": {
            "TMT": 0,
            "TMT10": 0,
            "TMT6": 0,
            "TMTpro": 0,
            "iTRAQ": 0,
            "iTRAQ4": 0,
            "iTRAQ8": 0
          }
        },
        "tolerance": "No sigma values recorded"
      }
    }
  },
  "knowledge": {
    "instrument_model": "Q Exactive",
    "instrument_models": {
      "Q Exactive": 1
    }
  },
  "problems": {
    "errors": {
      "codes": {},
      "count": 0,
      "list": []
    },
    "warnings": {
      "codes": {},
      "count": 0,
      "list": []
    }
  },
  "search_criteria": {
    "acquisition_type": "DDA",
    "fragmentation_type": "HR_HCD",
    "fragmentation_types": {
      "HR_HCD": 1
    },
    "high_accuracy_precursors": "true",
    "labeling": "none",
    "tolerance": "No sigma values recorded"
  },
  "spectra_stats": {
    "n_HR_ETciD_spectra": 0,
    "n_HR_EThcD_spectra": 0,
    "n_HR_HCD_spectra": 8,
    "n_HR_IT_CID_spectra": 0,
    "n_HR_IT_ETD_spectra": 0,
    "n_HR_QTOF_spectra": 0,
    "n_LR_ETciD_spectra": 0,
    "n_LR_EThcD_spectra": 0,
    "n_LR_HCD_spectra": 0,
    "n_LR_IT_CID_spectra": 0,
    "n_LR_IT_ETD_spectra": 0,
    "n_charge_2_precursors": 8,
    "n_length_lt10_spectra": 0,
    "n_length_zero_spectra": 0,
    "n_ms0_spectra": 0,
    "n_ms1_spectra": 92,
    "n_ms2_spectra": 8,
    "n_ms3_spectra": 0,
    "n_spectra": 100,
    "n_spectra_examined": 8,
    "n_unknown_fragmentation_type_spectra": 0
  },
  "state": {
    "code": "OK",
    "message": "No problems detected",
    "status": "OK",
    "version": "v0.1"
  }
}