{
  "files": {
    "Orbi_CID_HCD_iTRAQ8plex.mzML.gz": {
      "ROIs": {
        "TMT6_y1K": {
          "initial_window": 1.0,
          "mz": 376.2757,
          "peak": {
            "assessment": {
              "fraction": 0.0,
              "is_found": false
            },
            "mode_bin": {
              "ibin": 0,
              "intensity": 0,
              "mz": 0,
              "n_spectra": 0
            }
          },
          "type": "TMT"
        },
        "TMT6plex": {
          "initial_window": 1.0,
          "mz": 230.1702,
          "peak": {
            "assessment": {
              "comment": "Too few peaks found in ROI",
              "fraction": 0.0,
              "is_found": false
            },
            "extended": {
              "extent": 1,
              "intensity": 3.1314878463745117,
              "n_spectra": 1
            },
            "mode_bin": {
              "ibin": 2603,
              "intensity": 3.1314878463745117,
              "mz": 230.1499999999926,
              "n_spectra": 1
            }
          },
          "type": "TMT"
        },
        "TMTpro": {
          "initial_window": 1.0,
          "mz": 305.2144,
          "peak": {
            "assessment": {
              "comment": "Too few peaks found in ROI",
              "fraction": 0.0,
              "is_found": false
            },
            "extended": {
              "extent": 1,
              "intensity": 31.88220977783203,
              "n_spectra": 1
            },
            "mode_bin": {
              "ibin": 4104,
              "intensity": 31.88220977783203,
              "mz": 305.19999999998834,
              "n_spectra": 1
            }
          },
          "type": "TMTpro"
        },
        "TMTpro+H2O": {
          "initial_window": 1.0,
          "mz": 323.22499,
          "peak": {
            "assessment": {
              "comment": "Too few peaks found in ROI",
              "fraction": 0.0,
              "is_found": false
            },
            "extended": {
              "extent": 1,
              "intensity": 1.3460270166397095,
              "n_spectra": 1
            },
            "mode_bin": {
              "ibin": 4460,
              "intensity": 1.3460270166397095,
              "mz": 322.9999999999873,
              "n_spectra": 1
            }
          },
          "type": "TMTpro"
        },
        "a{DI}": {
          "initial_window": 1.0,
          "mz": 201.12337,
          "peak": {
            "assessment": {
              "comment": "Too few peaks found in ROI",
              "fraction": 0.0,
              "is_found": false
            },
            "extended": {
              "extent": 1,
              "intensity": 476.7237854003906,
              "n_spectra": 1
            },
            "mode_bin": {
              "ibin": 2025,
              "intensity": 476.7237854003906,
              "mz": 201.24999999999426,
              "n_spectra": 1
            }
          },
          "type": "fragment_ion"
        },
        "a{EI}": {
          "initial_window": 1.0,
          "mz": 215.13902,
          "peak": {
            "assessment": {
              "comment": "Too few peaks found in ROI",
              "fraction": 0.0,
              "is_found": false
            },
            "extended": {
              "extent": 1,
              "intensity": 8.964387893676758,
              "n_spectra": 1
            },
            "mode_bin": {
              "ibin": 2302,
              "intensity": 8.964387893676758,
              "mz": 215.09999999999346,
              "n_spectra": 1
            }
          },
          "type": "fragment_ion"
        },
        "iTRAQ4_y1K": {
          "initial_window": 1.0,
          "mz": 376.2757,
          "peak": {
            "assessment": {
              "fraction": 0.0,
              "is_found": false
            },
            "mode_bin": {
              "ibin": 0,
              "intensity": 0,
              "mz": 0,
              "n_spectra": 0
            }
          },
          "type": "iTRAQ4"
        },
        "iTRAQ8_y1K": {
          "initial_window": 1.0,
          "mz": 451.3118,
          "peak": {
            "assessment": {
              "fraction": 0.0,
              "is_found": false
            },
            "mode_bin": {
              "ibin": 0,
              "intensity": 0,
              "mz": 0,
              "n_spectra": 0
            }
          },
          "type": "iTRAQ8"
        }
      },
      "instrument_model": {
        "accession": "MS:1000556",
        "category": "variable",
        "name": "LTQ Orbitrap XL",
        "rank": "1"
      },
      "spectra_stats": {
        "acquisition_type": "DDA",
        "fragmentation_tag": "??",
        "fragmentation_type": "multiple",
        "high_accuracy_precursors": "true",
        "isolation_window_full_widths": {
          "3.0": 9520
        },
        "n_HR_ETciD_spectra": 0,
        "n_HR_EThcD_spectra": 0,
        "n_HR_HCD_spectra": 4760,
        "n_HR_IT_CID_spectra": 0,
        "n_HR_IT_ETD_spectra": 0,
        "n_HR_QTOF_spectra": 0,
        "n_LR_ETciD_spectra": 0,
        "n_LR_EThcD_spectra": 0,
        "n_LR_HCD_spectra": 0,
        "n_LR_IT_CID_spectra": 4760,
        "n_LR_IT_ETD_spectra": 0,
        "n_charge_10_precursors": 18,
        "n_charge_11_precursors": 10,
        "n_charge_2_precursors": 6808,
        "n_charge_3_precursors": 1100,
        "n_charge_4_precursors": 632,
        "n_charge_5_precursors": 390,
        "n_charge_6_precursors": 236,
        "n_charge_7_precursors": 184,
        "n_charge_8_precursors": 96,
        "n_charge_9_precursors": 46,
        "n_length_lt10_spectra": 2,
        "n_length_zero_spectra": 0,
        "n_ms0_spectra": 0,
        "n_ms1_spectra": 4535,
        "n_ms2_spectra": 9520,
        "n_ms3_spectra": 0,
        "n_spectra": 14055,
        "n_spectra_examined": 9520,
        "n_unknown_fragmentation_type_spectra": 0
      }
    }
  },
  "knowledge": {
    "instrument_model": "LTQ Orbitrap XL",
    "instrument_models": {
      "LTQ Orbitrap XL": 1
    }
  },
  "problems": {
    "errors": {
      "codes": {},
      "count": 0,
      "list": []
    },
    "warnings": {
      "codes": {},
      "count": 0,
      "list": []
    }
  },
  "search_criteria": {
    "acquisition_type": "DDA",
    "fragmentation_type": "multiple",
    "fragmentation_types": {
      "multiple": 1
    },
    "high_accuracy_precursors": "true",
    "labeling": "unknown",
    "tolerance": "No sigma values recorded"
  },
  "spectra_stats": {
    "n_HR_ETciD_spectra": 0,
    "n_HR_EThcD_spectra": 0,
    "n_HR_HCD_spectra": 4760,
    "n_HR_IT_CID_spectra": 0,
    "n_HR_IT_ETD_spectra": 0,
    "n_HR_QTOF_spectra": 0,
    "n_LR_ETciD_spectra": 0,
    "n_LR_EThcD_spectra": 0,
    "n_LR_HCD_spectra": 0,
    "n_LR_IT_CID_spectra": 4760,
    "n_LR_IT_ETD_spectra": 0,
    "n_charge_10_precursors": 18,
    "n_charge_11_precursors": 10,
    "n_charge_2_precursors": 6808,
    "n_charge_3_precursors": 1100,
    "n_charge_4_precursors": 632,
    "n_charge_5_precursors": 390,
    "n_charge_6_precursors": 236,
    "n_charge_7_precursors": 184,
    "n_charge_8_precursors": 96,
    "n_charge_9_precursors": 46,
    "n_length_lt10_spectra": 2,
    "n_length_zero_spectra": 0,
    "n_ms0_spectra": 0,
    "n_ms1_spectra": 4535,
    "n_ms2_spectra": 9520,
    "n_ms3_spectra": 0,
    "n_spectra": 14055,
    "n_spectra_examined": 9520,
    "n_unknown_fragmentation_type_spectra": 0
  },
  "state": {
    "code": "MultipleFragTypes",
    "message": "There are multiple fragmentation types in this MS run. Split them.",
    "status": "ERROR",
    "version": "v0.1"
  }
}