{
  "files": {
    "QEX03_210305_PTMscan_wt_IP_63.mzML.gz": {
      "ROIs": {
        "IE": {
          "initial_window": 0.01,
          "mz": 102.05495,
          "peak": {
            "assessment": {
              "fraction": 0.0,
              "is_found": false
            },
            "mode_bin": {
              "ibin": 0,
              "intensity": 0,
              "mz": 0,
              "n_spectra": 0
            }
          },
          "type": "fragment_ion"
        },
        "IF": {
          "initial_window": 0.01,
          "mz": 120.08078,
          "peak": {
            "assessment": {
              "fraction": 0.0,
              "is_found": false
            },
            "mode_bin": {
              "ibin": 0,
              "intensity": 0,
              "mz": 0,
              "n_spectra": 0
            }
          },
          "type": "fragment_ion"
        },
        "IF+i": {
          "initial_window": 0.01,
          "mz": 121.08413,
          "peak": {
            "assessment": {
              "fraction": 0.0,
              "is_found": false
            },
            "mode_bin": {
              "ibin": 0,
              "intensity": 0,
              "mz": 0,
              "n_spectra": 0
            }
          },
          "type": "fragment_ion"
        },
        "IH": {
          "initial_window": 0.01,
          "mz": 110.07127,
          "peak": {
            "assessment": {
              "fraction": 0.0,
              "is_found": false
            },
            "mode_bin": {
              "ibin": 0,
              "intensity": 0,
              "mz": 0,
              "n_spectra": 0
            }
          },
          "type": "fragment_ion"
        },
        "IK": {
          "initial_window": 0.01,
          "mz": 101.10732,
          "peak": {
            "assessment": {
              "fraction": 0.0,
              "is_found": false
            },
            "mode_bin": {
              "ibin": 0,
              "intensity": 0,
              "mz": 0,
              "n_spectra": 0
            }
          },
          "type": "fragment_ion"
        },
        "IM": {
          "initial_window": 0.01,
          "mz": 104.05285,
          "peak": {
            "assessment": {
              "fraction": 0.0,
              "is_found": false
            },
            "mode_bin": {
              "ibin": 0,
              "intensity": 0,
              "mz": 0,
              "n_spectra": 0
            }
          },
          "type": "fragment_ion"
        },
        "IQ": {
          "initial_window": 0.01,
          "mz": 101.07094,
          "peak": {
            "assessment": {
              "fraction": 0.0,
              "is_found": false
            },
            "mode_bin": {
              "ibin": 0,
              "intensity": 0,
              "mz": 0,
              "n_spectra": 0
            }
          },
          "type": "fragment_ion"
        },
        "IR-NH3": {
          "initial_window": 0.01,
          "mz": 112.08692,
          "peak": {
            "assessment": {
              "fraction": 0.0,
              "is_found": false
            },
            "mode_bin": {
              "ibin": 0,
              "intensity": 0,
              "mz": 0,
              "n_spectra": 0
            }
          },
          "type": "fragment_ion"
        },
        "IW": {
          "initial_window": 0.01,
          "mz": 159.09167,
          "peak": {
            "assessment": {
              "fraction": 0.0,
              "is_found": false
            },
            "mode_bin": {
              "ibin": 0,
              "intensity": 0,
              "mz": 0,
              "n_spectra": 0
            }
          },
          "type": "fragment_ion"
        },
        "IW-CH3N": {
          "initial_window": 0.01,
          "mz": 130.06513,
          "peak": {
            "assessment": {
              "fraction": 0.0,
              "is_found": false
            },
            "mode_bin": {
              "ibin": 0,
              "intensity": 0,
              "mz": 0,
              "n_spectra": 0
            }
          },
          "type": "fragment_ion"
        },
        "IY": {
          "initial_window": 0.01,
          "mz": 136.07569,
          "peak": {
            "assessment": {
              "fraction": 0.0,
              "is_found": false
            },
            "mode_bin": {
              "ibin": 0,
              "intensity": 0,
              "mz": 0,
              "n_spectra": 0
            }
          },
          "type": "fragment_ion"
        },
        "TMT6_126": {
          "initial_window": 0.01,
          "mz": 126.127725,
          "peak": {
            "assessment": {
              "fraction": 0.0,
              "is_found": false
            },
            "mode_bin": {
              "ibin": 0,
              "intensity": 0,
              "mz": 0,
              "n_spectra": 0
            }
          },
          "type": "TMT"
        },
        "TMT6_127": {
          "initial_window": 0.01,
          "mz": 127.12476,
          "peak": {
            "assessment": {
              "fraction": 0.0,
              "is_found": false
            },
            "mode_bin": {
              "ibin": 0,
              "intensity": 0,
              "mz": 0,
              "n_spectra": 0
            }
          },
          "type": "TMT"
        },
        "TMT6_128": {
          "initial_window": 0.01,
          "mz": 128.134433,
          "peak": {
            "assessment": {
              "fraction": 0.0,
              "is_found": false
            },
            "mode_bin": {
              "ibin": 0,
              "intensity": 0,
              "mz": 0,
              "n_spectra": 0
            }
          },
          "type": "TMT"
        },
        "TMT6_129": {
          "initial_window": 0.01,
          "mz": 129.131468,
          "peak": {
            "assessment": {
              "fraction": 0.0,
              "is_found": false
            },
            "mode_bin": {
              "ibin": 0,
              "intensity": 0,
              "mz": 0,
              "n_spectra": 0
            }
          },
          "type": "TMT"
        },
        "TMT6_130": {
          "initial_window": 0.01,
          "mz": 130.141141,
          "peak": {
            "assessment": {
              "fraction": 0.0,
              "is_found": false
            },
            "mode_bin": {
              "ibin": 0,
              "intensity": 0,
              "mz": 0,
              "n_spectra": 0
            }
          },
          "type": "TMT"
        },
        "TMT6_131": {
          "initial_window": 0.01,
          "mz": 131.138176,
          "peak": {
            "assessment": {
              "fraction": 0.0,
              "is_found": false
            },
            "mode_bin": {
              "ibin": 0,
              "intensity": 0,
              "mz": 0,
              "n_spectra": 0
            }
          },
          "type": "TMT"
        },
        "TMT6plex": {
          "initial_window": 0.01,
          "mz": 230.1702,
          "peak": {
            "assessment": {
              "comment": "Too few peaks found in ROI",
              "fraction": 0.0,
              "is_found": false
            },
            "extended": {
              "extent": 2,
              "intensity": 2867.635498046875,
              "n_spectra": 2
            },
            "mode_bin": {
              "ibin": 650839,
              "intensity": 1523.3046875,
              "mz": 230.16780000432112,
              "n_spectra": 1
            }
          },
          "type": "TMT"
        },
        "TMTpro": {
          "initial_window": 0.01,
          "mz": 305.2144,
          "peak": {
            "assessment": {
              "comment": "Too few peaks found in ROI",
              "fraction": 0.0,
              "is_found": false
            },
            "extended": {
              "extent": 1,
              "intensity": 4121.28955078125,
              "n_spectra": 1
            },
            "mode_bin": {
              "ibin": 1026082,
              "intensity": 4121.28955078125,
              "mz": 305.2164000068125,
              "n_spectra": 1
            }
          },
          "type": "TMTpro"
        },
        "TMTpro+H2O": {
          "initial_window": 0.01,
          "mz": 323.22499,
          "peak": {
            "assessment": {
              "comment": "Too few peaks found in ROI",
              "fraction": 0.0,
              "is_found": false
            },
            "extended": {
              "extent": 1,
              "intensity": 2305.19287109375,
              "n_spectra": 1
            },
            "mode_bin": {
              "ibin": 1116114,
              "intensity": 2305.19287109375,
              "mz": 323.2228000074102,
              "n_spectra": 1
            }
          },
          "type": "TMTpro"
        },
        "a{AA}": {
          "initial_window": 0.01,
          "mz": 115.08659,
          "peak": {
            "assessment": {
              "fraction": 0.0,
              "is_found": false
            },
            "mode_bin": {
              "ibin": 0,
              "intensity": 0,
              "mz": 0,
              "n_spectra": 0
            }
          },
          "type": "fragment_ion"
        },
        "a{AI}": {
          "initial_window": 0.01,
          "mz": 157.13354,
          "peak": {
            "assessment": {
              "fraction": 0.0,
              "is_found": false
            },
            "mode_bin": {
              "ibin": 0,
              "intensity": 0,
              "mz": 0,
              "n_spectra": 0
            }
          },
          "type": "fragment_ion"
        },
        "a{AN}": {
          "initial_window": 0.01,
          "mz": 158.0924,
          "peak": {
            "assessment": {
              "fraction": 0.0,
              "is_found": false
            },
            "mode_bin": {
              "ibin": 0,
              "intensity": 0,
              "mz": 0,
              "n_spectra": 0
            }
          },
          "type": "fragment_ion"
        },
        "a{AP}": {
          "initial_window": 0.01,
          "mz": 141.10224,
          "peak": {
            "assessment": {
              "fraction": 0.0,
              "is_found": false
            },
            "mode_bin": {
              "ibin": 0,
              "intensity": 0,
              "mz": 0,
              "n_spectra": 0
            }
          },
          "type": "fragment_ion"
        },
        "a{AV}": {
          "initial_window": 0.01,
          "mz": 143.11789,
          "peak": {
            "assessment": {
              "fraction": 0.0,
              "is_found": false
            },
            "mode_bin": {
              "ibin": 0,
              "intensity": 0,
              "mz": 0,
              "n_spectra": 0
            }
          },
          "type": "fragment_ion"
        },
        "a{DI}": {
          "initial_window": 0.01,
          "mz": 201.12337,
          "peak": {
            "assessment": {
              "# of sigma_ppm(s) away from theoretical peak (ppm)": 1.9921473991286334,
              "comment": "Peak found and fit",
              "fraction": 0.20883534136546184,
              "is_found": true
            },
            "extended": {
              "extent": 8,
              "intensity": 20356586.9609375,
              "n_spectra": 1820,
              "three_sigma_ppm_lower": -1.3780457111330753,
              "three_sigma_ppm_upper": 6.825806974914356
            },
            "fit": {
              "delta_mz": 0.000547836052163575,
              "delta_ppm": 2.7238806318906406,
              "intensity": 5786268.856898829,
              "mz": 201.12391783605216,
              "sigma_mz": 0.0002749977498669019,
              "sigma_ppm": 1.3673087810079052
            },
            "mode_bin": {
              "ibin": 505620,
              "intensity": 7772742.5,
              "mz": 201.12400000335697,
              "n_spectra": 353
            }
          },
          "type": "fragment_ion"
        },
        "a{DP}": {
          "initial_window": 0.01,
          "mz": 185.09207,
          "peak": {
            "assessment": {
              "comment": "Too few peaks found in ROI",
              "fraction": 0.0,
              "is_found": false
            },
            "extended": {
              "extent": 6,
              "intensity": 3949892.2006835938,
              "n_spectra": 624
            },
            "mode_bin": {
              "ibin": 425463,
              "intensity": 1043723.9375,
              "mz": 185.09260000282478,
              "n_spectra": 98
            }
          },
          "type": "fragment_ion"
        },
        "a{EI}": {
          "initial_window": 0.01,
          "mz": 215.13902,
          "peak": {
            "assessment": {
              "comment": "Too few peaks found in ROI",
              "fraction": 0.0,
              "is_found": false
            },
            "extended": {
              "extent": 8,
              "intensity": 9198981.759765625,
              "n_spectra": 1389
            },
            "mode_bin": {
              "ibin": 575699,
              "intensity": 2760206.75,
              "mz": 215.13980000382224,
              "n_spectra": 250
            }
          },
          "type": "fragment_ion"
        },
        "a{GP}": {
          "initial_window": 0.01,
          "mz": 127.08659,
          "peak": {
            "assessment": {
              "fraction": 0.0,
              "is_found": false
            },
            "mode_bin": {
              "ibin": 0,
              "intensity": 0,
              "mz": 0,
              "n_spectra": 0
            }
          },
          "type": "fragment_ion"
        },
        "a{II}": {
          "initial_window": 0.01,
          "mz": 199.18049,
          "peak": {
            "assessment": {
              "comment": "Too few peaks found in ROI",
              "fraction": 0.0,
              "is_found": false
            },
            "extended": {
              "extent": 7,
              "intensity": 12663386.407714844,
              "n_spectra": 803
            },
            "mode_bin": {
              "ibin": 495905,
              "intensity": 5642864.5,
              "mz": 199.18100000329247,
              "n_spectra": 138
            }
          },
          "type": "fragment_ion"
        },
        "a{IP}": {
          "initial_window": 0.01,
          "mz": 183.14919,
          "peak": {
            "assessment": {
              "comment": "Too few peaks found in ROI",
              "fraction": 0.0,
              "is_found": false
            },
            "extended": {
              "extent": 6,
              "intensity": 14743602.083007812,
              "n_spectra": 837
            },
            "mode_bin": {
              "ibin": 415749,
              "intensity": 9582789.0,
              "mz": 183.1498000027603,
              "n_spectra": 180
            }
          },
          "type": "fragment_ion"
        },
        "a{IS}": {
          "initial_window": 0.01,
          "mz": 173.12845,
          "peak": {
            "assessment": {
              "fraction": 0.0,
              "is_found": false
            },
            "mode_bin": {
              "ibin": 0,
              "intensity": 0,
              "mz": 0,
              "n_spectra": 0
            }
          },
          "type": "fragment_ion"
        },
        "a{IT}": {
          "initial_window": 0.01,
          "mz": 187.1441,
          "peak": {
            "assessment": {
              "comment": "Too few peaks found in ROI",
              "fraction": 0.0,
              "is_found": false
            },
            "extended": {
              "extent": 7,
              "intensity": 14474329.16430664,
              "n_spectra": 796
            },
            "mode_bin": {
              "ibin": 435724,
              "intensity": 7167986.0,
              "mz": 187.1448000028929,
              "n_spectra": 159
            }
          },
          "type": "fragment_ion"
        },
        "a{IV}": {
          "initial_window": 0.01,
          "mz": 185.16484,
          "peak": {
            "assessment": {
              "comment": "Too few peaks found in ROI",
              "fraction": 0.0,
              "is_found": false
            },
            "extended": {
              "extent": 8,
              "intensity": 7303976.268066406,
              "n_spectra": 780
            },
            "mode_bin": {
              "ibin": 425827,
              "intensity": 3883202.0,
              "mz": 185.1654000028272,
              "n_spectra": 154
            }
          },
          "type": "fragment_ion"
        },
        "a{PV}": {
          "initial_window": 0.01,
          "mz": 169.13354,
          "peak": {
            "assessment": {
              "fraction": 0.0,
              "is_found": false
            },
            "mode_bin": {
              "ibin": 0,
              "intensity": 0,
              "mz": 0,
              "n_spectra": 0
            }
          },
          "type": "fragment_ion"
        },
        "b{AI}": {
          "initial_window": 0.01,
          "mz": 185.12845,
          "peak": {
            "assessment": {
              "comment": "Too few peaks found in ROI",
              "fraction": 0.0,
              "is_found": false
            },
            "extended": {
              "extent": 6,
              "intensity": 6080926.6728515625,
              "n_spectra": 772
            },
            "mode_bin": {
              "ibin": 425645,
              "intensity": 1529901.125,
              "mz": 185.129000002826,
              "n_spectra": 154
            }
          },
          "type": "fragment_ion"
        },
        "b{AK}-NH3": {
          "initial_window": 0.01,
          "mz": 183.1128,
          "peak": {
            "assessment": {
              "comment": "Too few peaks found in ROI",
              "fraction": 0.0,
              "is_found": false
            },
            "extended": {
              "extent": 8,
              "intensity": 8081528.022949219,
              "n_spectra": 922
            },
            "mode_bin": {
              "ibin": 415567,
              "intensity": 2904368.5,
              "mz": 183.11340000275908,
              "n_spectra": 131
            }
          },
          "type": "fragment_ion"
        },
        "b{AP}": {
          "initial_window": 0.01,
          "mz": 169.09715,
          "peak": {
            "assessment": {
              "fraction": 0.0,
              "is_found": false
            },
            "mode_bin": {
              "ibin": 0,
              "intensity": 0,
              "mz": 0,
              "n_spectra": 0
            }
          },
          "type": "fragment_ion"
        },
        "b{AV}": {
          "initial_window": 0.01,
          "mz": 171.1128,
          "peak": {
            "assessment": {
              "fraction": 0.0,
              "is_found": false
            },
            "mode_bin": {
              "ibin": 0,
              "intensity": 0,
              "mz": 0,
              "n_spectra": 0
            }
          },
          "type": "fragment_ion"
        },
        "b{GP}": {
          "initial_window": 0.01,
          "mz": 155.0815,
          "peak": {
            "assessment": {
              "fraction": 0.0,
              "is_found": false
            },
            "mode_bin": {
              "ibin": 0,
              "intensity": 0,
              "mz": 0,
              "n_spectra": 0
            }
          },
          "type": "fragment_ion"
        },
        "b{K}": {
          "initial_window": 0.01,
          "mz": 129.10224,
          "peak": {
            "assessment": {
              "fraction": 0.0,
              "is_found": false
            },
            "mode_bin": {
              "ibin": 0,
              "intensity": 0,
              "mz": 0,
              "n_spectra": 0
            }
          },
          "type": "fragment_ion"
        },
        "b{PV}": {
          "initial_window": 0.01,
          "mz": 197.12845,
          "peak": {
            "assessment": {
              "comment": "Too few peaks found in ROI",
              "fraction": 0.0,
              "is_found": false
            },
            "extended": {
              "extent": 8,
              "intensity": 9139028.55078125,
              "n_spectra": 1194
            },
            "mode_bin": {
              "ibin": 485645,
              "intensity": 2089711.25,
              "mz": 197.12900000322435,
              "n_spectra": 207
            }
          },
          "type": "fragment_ion"
        },
        "b{Q}": {
          "initial_window": 0.01,
          "mz": 129.06585,
          "peak": {
            "assessment": {
              "fraction": 0.0,
              "is_found": false
            },
            "mode_bin": {
              "ibin": 0,
              "intensity": 0,
              "mz": 0,
              "n_spectra": 0
            }
          },
          "type": "fragment_ion"
        },
        "iTRAQ4_nterm": {
          "initial_window": 0.01,
          "mz": 145.109,
          "peak": {
            "assessment": {
              "fraction": 0.0,
              "is_found": false
            },
            "mode_bin": {
              "ibin": 0,
              "intensity": 0,
              "mz": 0,
              "n_spectra": 0
            }
          },
          "type": "iTRAQ4"
        },
        "iTRAQ8_113": {
          "initial_window": 0.01,
          "mz": 113.107325,
          "peak": {
            "assessment": {
              "fraction": 0.0,
              "is_found": false
            },
            "mode_bin": {
              "ibin": 0,
              "intensity": 0,
              "mz": 0,
              "n_spectra": 0
            }
          },
          "type": "iTRAQ8"
        },
        "iTRAQ8_118": {
          "initial_window": 0.01,
          "mz": 118.111459,
          "peak": {
            "assessment": {
              "fraction": 0.0,
              "is_found": false
            },
            "mode_bin": {
              "ibin": 0,
              "intensity": 0,
              "mz": 0,
              "n_spectra": 0
            }
          },
          "type": "iTRAQ8"
        },
        "iTRAQ8_119": {
          "initial_window": 0.01,
          "mz": 119.114814,
          "peak": {
            "assessment": {
              "fraction": 0.0,
              "is_found": false
            },
            "mode_bin": {
              "ibin": 0,
              "intensity": 0,
              "mz": 0,
              "n_spectra": 0
            }
          },
          "type": "iTRAQ8"
        },
        "iTRAQ8_121": {
          "initial_window": 0.01,
          "mz": 121.121524,
          "peak": {
            "assessment": {
              "fraction": 0.0,
              "is_found": false
            },
            "mode_bin": {
              "ibin": 0,
              "intensity": 0,
              "mz": 0,
              "n_spectra": 0
            }
          },
          "type": "iTRAQ8"
        },
        "iTRAQ_114": {
          "initial_window": 0.01,
          "mz": 114.11068,
          "peak": {
            "assessment": {
              "fraction": 0.0,
              "is_found": false
            },
            "mode_bin": {
              "ibin": 0,
              "intensity": 0,
              "mz": 0,
              "n_spectra": 0
            }
          },
          "type": "iTRAQ"
        },
        "iTRAQ_115": {
          "initial_window": 0.01,
          "mz": 115.107715,
          "peak": {
            "assessment": {
              "fraction": 0.0,
              "is_found": false
            },
            "mode_bin": {
              "ibin": 0,
              "intensity": 0,
              "mz": 0,
              "n_spectra": 0
            }
          },
          "type": "iTRAQ"
        },
        "iTRAQ_116": {
          "initial_window": 0.01,
          "mz": 116.111069,
          "peak": {
            "assessment": {
              "fraction": 0.0,
              "is_found": false
            },
            "mode_bin": {
              "ibin": 0,
              "intensity": 0,
              "mz": 0,
              "n_spectra": 0
            }
          },
          "type": "iTRAQ"
        },
        "iTRAQ_117": {
          "initial_window": 0.01,
          "mz": 117.114424,
          "peak": {
            "assessment": {
              "fraction": 0.0,
              "is_found": false
            },
            "mode_bin": {
              "ibin": 0,
              "intensity": 0,
              "mz": 0,
              "n_spectra": 0
            }
          },
          "type": "iTRAQ"
        },
        "y{AP}": {
          "initial_window": 0.01,
          "mz": 187.10772,
          "peak": {
            "assessment": {
              "comment": "Too few peaks found in ROI",
              "fraction": 0.0,
              "is_found": false
            },
            "extended": {
              "extent": 6,
              "intensity": 5962671.7958984375,
              "n_spectra": 624
            },
            "mode_bin": {
              "ibin": 435541,
              "intensity": 2622946.0,
              "mz": 187.1082000028917,
              "n_spectra": 110
            }
          },
          "type": "fragment_ion"
        },
        "y{K}": {
          "initial_window": 0.01,
          "mz": 147.1128,
          "peak": {
            "assessment": {
              "fraction": 0.0,
              "is_found": false
            },
            "mode_bin": {
              "ibin": 0,
              "intensity": 0,
              "mz": 0,
              "n_spectra": 0
            }
          },
          "type": "fragment_ion"
        },
        "y{K}-NH3": {
          "initial_window": 0.01,
          "mz": 130.08626,
          "peak": {
            "assessment": {
              "fraction": 0.0,
              "is_found": false
            },
            "mode_bin": {
              "ibin": 0,
              "intensity": 0,
              "mz": 0,
              "n_spectra": 0
            }
          },
          "type": "fragment_ion"
        },
        "y{R}": {
          "initial_window": 0.01,
          "mz": 175.11895,
          "peak": {
            "assessment": {
              "fraction": 0.0,
              "is_found": false
            },
            "mode_bin": {
              "ibin": 0,
              "intensity": 0,
              "mz": 0,
              "n_spectra": 0
            }
          },
          "type": "fragment_ion"
        }
      },
      "instrument_model": {
        "accession": "MS:1001911",
        "category": "pureHCD",
        "name": "Q Exactive",
        "rank": "1"
      },
      "spectra_stats": {
        "acquisition_type": "DDA",
        "fragmentation_tag": "??",
        "fragmentation_type": "HR_HCD",
        "high_accuracy_precursors": "true",
        "isolation_window_full_widths": {
          "1.5": 8715
        },
        "n_HR_ETciD_spectra": 0,
        "n_HR_EThcD_spectra": 0,
        "n_HR_HCD_spectra": 8715,
        "n_HR_IT_CID_spectra": 0,
        "n_HR_IT_ETD_spectra": 0,
        "n_HR_QTOF_spectra": 0,
        "n_LR_ETciD_spectra": 0,
        "n_LR_EThcD_spectra": 0,
        "n_LR_HCD_spectra": 0,
        "n_LR_IT_CID_spectra": 0,
        "n_LR_IT_ETD_spectra": 0,
        "n_charge_10_precursors": 3,
        "n_charge_11_precursors": 2,
        "n_charge_13_precursors": 2,
        "n_charge_14_precursors": 2,
        "n_charge_15_precursors": 1,
        "n_charge_16_precursors": 1,
        "n_charge_17_precursors": 2,
        "n_charge_20_precursors": 1,
        "n_charge_2_precursors": 3698,
        "n_charge_3_precursors": 3714,
        "n_charge_4_precursors": 1103,
        "n_charge_5_precursors": 145,
        "n_charge_6_precursors": 36,
        "n_charge_7_precursors": 3,
        "n_charge_8_precursors": 1,
        "n_charge_9_precursors": 1,
        "n_length_lt10_spectra": 330,
        "n_length_zero_spectra": 0,
        "n_ms0_spectra": 0,
        "n_ms1_spectra": 5797,
        "n_ms2_spectra": 8715,
        "n_ms3_spectra": 0,
        "n_spectra": 14512,
        "n_spectra_examined": 8715,
        "n_unknown_fragmentation_type_spectra": 0
      },
      "summary": {
        "fragmentation_type": "HR_HCD",
        "labeling": {
          "call": "none",
          "scores": {
            "TMT": 0,
            "TMT10": 0,
            "TMT6": 0,
            "TMTpro": 0,
            "iTRAQ": 0,
            "iTRAQ4": 0,
            "iTRAQ8": 0
          }
        },
        "tolerance": {
          "fragment_tolerance_ppm_lower": -1.3780457111330753,
          "fragment_tolerance_ppm_upper": 6.825806974914356
        }
      }
    }
  },
  "knowledge": {
    "instrument_model": "Q Exactive",
    "instrument_models": {
      "Q Exactive": 1
    }
  },
  "problems": {
    "errors": {
      "codes": {},
      "count": 0,
      "list": []
    },
    "warnings": {
      "codes": {},
      "count": 0,
      "list": []
    }
  },
  "search_criteria": {
    "acquisition_type": "DDA",
    "fragmentation_type": "HR_HCD",
    "fragmentation_types": {
      "HR_HCD": 1
    },
    "high_accuracy_precursors": "true",
    "labeling": "none",
    "tolerance": {
      "fragment_tolerance_ppm_lower": -1.3780457111330753,
      "fragment_tolerance_ppm_upper": 6.825806974914356
    }
  },
  "spectra_stats": {
    "n_HR_ETciD_spectra": 0,
    "n_HR_EThcD_spectra": 0,
    "n_HR_HCD_spectra": 8715,
    "n_HR_IT_CID_spectra": 0,
    "n_HR_IT_ETD_spectra": 0,
    "n_HR_QTOF_spectra": 0,
    "n_LR_ETciD_spectra": 0,
    "n_LR_EThcD_spectra": 0,
    "n_LR_HCD_spectra": 0,
    "n_LR_IT_CID_spectra": 0,
    "n_LR_IT_ETD_spectra": 0,
    "n_charge_10_precursors": 3,
    "n_charge_11_precursors": 2,
    "n_charge_13_precursors": 2,
    "n_charge_14_precursors": 2,
    "n_charge_15_precursors": 1,
    "n_charge_16_precursors": 1,
    "n_charge_17_precursors": 2,
    "n_charge_20_precursors": 1,
    "n_charge_2_precursors": 3698,
    "n_charge_3_precursors": 3714,
    "n_charge_4_precursors": 1103,
    "n_charge_5_precursors": 145,
    "n_charge_6_precursors": 36,
    "n_charge_7_precursors": 3,
    "n_charge_8_precursors": 1,
    "n_charge_9_precursors": 1,
    "n_length_lt10_spectra": 330,
    "n_length_zero_spectra": 0,
    "n_ms0_spectra": 0,
    "n_ms1_spectra": 5797,
    "n_ms2_spectra": 8715,
    "n_ms3_spectra": 0,
    "n_spectra": 14512,
    "n_spectra_examined": 8715,
    "n_unknown_fragmentation_type_spectra": 0
  },
  "state": {
    "code": "OK",
    "message": "No problems detected",
    "status": "OK",
    "version": "v0.1"
  }
}